#-----------------------------------------------------------
# Vivado v2024.2 (64-bit)
# SW Build 5239630 on Fri Nov 08 22:35:27 MST 2024
# IP Build 5239520 on Sun Nov 10 16:12:51 MST 2024
# SharedData Build 5239561 on Fri Nov 08 14:39:27 MST 2024
# Start of session at: Thu Apr 30 08:31:31 2026
# Process ID         : 30920
# Current directory  : C:/Users/C28Noah.Marino/Documents/ECE/ece281-lab5
# Command line       : vivado.exe -gui_launcher_event rodinguilauncherevent10876 C:\Users\C28Noah.Marino\Documents\ECE\ece281-lab5\basic_cpu.xpr
# Log file           : C:/Users/C28Noah.Marino/Documents/ECE/ece281-lab5/vivado.log
# Journal file       : C:/Users/C28Noah.Marino/Documents/ECE/ece281-lab5\vivado.jou
# Running On         : C28-2TK416017C
# Platform           : Windows Server 2016 or Windows 10
# Operating System   : 22631
# Processor Detail   : AMD Ryzen 7 PRO 7840U w/ Radeon 780M Graphics  
# CPU Frequency      : 3294 MHz
# CPU Physical cores : 8
# CPU Logical cores  : 16
# Host memory        : 33585 MB
# Swap memory        : 5100 MB
# Total Virtual      : 38685 MB
# Available Virtual  : 13406 MB
#-----------------------------------------------------------
start_gui
open_project C:/Users/C28Noah.Marino/Documents/ECE/ece281-lab5/basic_cpu.xpr
update_compile_order -fileset sources_1
export_ip_user_files -of_objects  [get_files C:/Users/C28Noah.Marino/Downloads/ripple_adder.vhd] -no_script -reset -force -quiet
export_ip_user_files -of_objects  [get_files C:/Users/C28Noah.Marino/Documents/ECE/ece281-lab5/src/button_debounce_tb.vhd] -no_script -reset -force -quiet
remove_files  {C:/Users/C28Noah.Marino/Downloads/ripple_adder.vhd C:/Users/C28Noah.Marino/Documents/ECE/ece281-lab5/src/button_debounce_tb.vhd}
export_ip_user_files -of_objects  [get_files C:/Users/C28Noah.Marino/Documents/ECE/ece281-lab5/basic_cpu.srcs/sources_1/imports/src/full_adder.vhd] -no_script -reset -force -quiet
export_ip_user_files -of_objects  [get_files C:/Users/C28Noah.Marino/Documents/ECE/ece281-lab5/basic_cpu.srcs/sources_1/imports/src/full_adder_tb.vhd] -no_script -reset -force -quiet
export_ip_user_files -of_objects  [get_files C:/Users/C28Noah.Marino/Documents/ECE/ece281-lab5/basic_cpu.srcs/sources_1/imports/ECE/ece281-ice3/src/ripple_adder_tb.vhd] -no_script -reset -force -quiet
export_ip_user_files -of_objects  [get_files C:/Users/C28Noah.Marino/Documents/ECE/ece281-lab5/basic_cpu.srcs/sources_1/imports/src/sevenseg_decoder.vhd] -no_script -reset -force -quiet
remove_files  {C:/Users/C28Noah.Marino/Documents/ECE/ece281-lab5/basic_cpu.srcs/sources_1/imports/src/full_adder.vhd C:/Users/C28Noah.Marino/Documents/ECE/ece281-lab5/basic_cpu.srcs/sources_1/imports/src/full_adder_tb.vhd C:/Users/C28Noah.Marino/Documents/ECE/ece281-lab5/basic_cpu.srcs/sources_1/imports/ECE/ece281-ice3/src/ripple_adder_tb.vhd C:/Users/C28Noah.Marino/Documents/ECE/ece281-lab5/basic_cpu.srcs/sources_1/imports/src/sevenseg_decoder.vhd}
file delete -force C:/Users/C28Noah.Marino/Documents/ECE/ece281-lab5/basic_cpu.srcs/sources_1/imports/src/full_adder.vhd C:/Users/C28Noah.Marino/Documents/ECE/ece281-lab5/basic_cpu.srcs/sources_1/imports/src/full_adder_tb.vhd C:/Users/C28Noah.Marino/Documents/ECE/ece281-lab5/basic_cpu.srcs/sources_1/imports/ECE/ece281-ice3/src/ripple_adder_tb.vhd C:/Users/C28Noah.Marino/Documents/ECE/ece281-lab5/basic_cpu.srcs/sources_1/imports/src/sevenseg_decoder.vhd
