#-----------------------------------------------------------
# Vivado v2024.2 (64-bit)
# SW Build 5239630 on Fri Nov 08 22:35:27 MST 2024
# IP Build 5239520 on Sun Nov 10 16:12:51 MST 2024
# SharedData Build 5239561 on Fri Nov 08 14:39:27 MST 2024
# Start of session at: Wed Apr 29 15:30:08 2026
# Process ID         : 19420
# Current directory  : C:/Users/C28Noah.Marino/Documents/ECE/ece281-lab5
# Command line       : vivado.exe -gui_launcher_event rodinguilauncherevent36740 C:\Users\C28Noah.Marino\Documents\ECE\ece281-lab5\basic_cpu.xpr
# Log file           : C:/Users/C28Noah.Marino/Documents/ECE/ece281-lab5/vivado.log
# Journal file       : C:/Users/C28Noah.Marino/Documents/ECE/ece281-lab5\vivado.jou
# Running On         : C28-2TK416017C
# Platform           : Windows Server 2016 or Windows 10
# Operating System   : 22631
# Processor Detail   : AMD Ryzen 7 PRO 7840U w/ Radeon 780M Graphics  
# CPU Frequency      : 3294 MHz
# CPU Physical cores : 8
# CPU Logical cores  : 16
# Host memory        : 33585 MB
# Swap memory        : 5100 MB
# Total Virtual      : 38685 MB
# Available Virtual  : 12046 MB
#-----------------------------------------------------------
start_gui
open_project C:/Users/C28Noah.Marino/Documents/ECE/ece281-lab5/basic_cpu.xpr
update_compile_order -fileset sources_1
add_files -norecurse {C:/Users/C28Noah.Marino/Downloads/full_adder.vhd C:/Users/C28Noah.Marino/Downloads/ripple_adder.vhd}
update_compile_order -fileset sources_1
move_files -fileset sim_1 [get_files  C:/Users/C28Noah.Marino/Downloads/ripple_adder.vhd]
move_files [get_files  C:/Users/C28Noah.Marino/Downloads/ripple_adder.vhd]
launch_simulation
source ALU_tb.tcl
close_sim
launch_simulation
launch_simulation
launch_simulation
launch_simulation
launch_simulation
launch_simulation
source ALU_tb.tcl
close_sim
launch_simulation
source ALU_tb.tcl
close_sim
launch_simulation
source ALU_tb.tcl
close_sim
launch_simulation
source ALU_tb.tcl
close_sim
launch_simulation
source ALU_tb.tcl
close_sim
launch_simulation
source ALU_tb.tcl
close_sim
launch_simulation
launch_simulation
launch_simulation
launch_simulation
source ALU_tb.tcl
close_sim
launch_simulation
source ALU_tb.tcl
close_sim
launch_simulation
source ALU_tb.tcl
close_sim
launch_simulation
source ALU_tb.tcl
close_sim
launch_simulation
source ALU_tb.tcl
close_sim
launch_simulation
source ALU_tb.tcl
update_compile_order -fileset sources_1
close_sim
